// Jest Snapshot v1, https://goo.gl/fbAQLP

exports[`renders correctly with defaults 1`] = `
<View
  style={
    Array [
      Object {
        "alignItems": "center",
        "display": "flex",
        "height": "30%",
        "justifyContent": "space-between",
        "width": "80%",
      },
    ]
  }
>
  <Image
    resizeMode="contain"
    source={
      Object {
        "testUri": "../../../src/assets/splash-mcduck.png",
      }
    }
    style={
      Array [
        Object {
          "flexBasis": 0,
          "flexGrow": 1,
          "flexShrink": 1,
        },
      ]
    }
  />
  <View
    style={
      Array [
        Object {
          "backgroundColor": "#FFF",
          "borderRadius": 50,
          "elevation": 15,
          "height": "5%",
          "marginTop": 20,
          "width": "80%",
        },
      ]
    }
  >
    <View
      style={
        Array [
          Object {
            "backgroundColor": "#FFD700",
            "borderRadius": 50,
            "height": "80%",
            "marginTop": 1,
            "width": "65%",
          },
        ]
      }
    />
  </View>
</View>
`;
