// Jest Snapshot v1, https://goo.gl/fbAQLP

exports[`renders correctly with defaults 1`] = `
<View
  accessible={true}
  focusable={true}
  onClick={[Function]}
  onResponderGrant={[Function]}
  onResponderMove={[Function]}
  onResponderRelease={[Function]}
  onResponderTerminate={[Function]}
  onResponderTerminationRequest={[Function]}
  onStartShouldSetResponder={[Function]}
  style={
    Object {
      "alignItems": "center",
      "alignSelf": "flex-end",
      "backgroundColor": "#6269F1",
      "borderRadius": 25,
      "display": "flex",
      "elevation": 10,
      "height": 25,
      "justifyContent": "center",
      "marginBottom": 10,
      "marginLeft": 0,
      "marginRight": 0,
      "marginTop": 10,
      "opacity": 1,
      "width": 25,
    }
  }
>
  <Text
    allowFontScaling={false}
    style={
      Array [
        Object {
          "color": "#FFF",
          "fontSize": 20,
        },
        undefined,
        Object {
          "fontFamily": "Material Icons",
          "fontStyle": "normal",
          "fontWeight": "normal",
        },
        Object {},
      ]
    }
  >
    î……
  </Text>
</View>
`;
